Analyzing frontend...                                           

warning - The value of the local variable 'args' isn't used - lib\routes\app_router.dart:18:11 - unused_local_variable
   info - Invalid use of a private type in a public API - lib\screens\auth\change_password_screen.dart:11:3 - library_private_types_in_public_api
  error - Expected an identifier - lib\screens\auth\change_password_screen.dart:433:76 - missing_identifier
   info - Invalid use of a private type in a public API - lib\screens\auth\login_screen.dart:9:3 - library_private_types_in_public_api
   info - Invalid use of a private type in a public API - lib\screens\auth\register_screen.dart:9:3 - library_private_types_in_public_api
   info - Invalid use of a private type in a public API - lib\screens\categories\category_detail_screen.dart:18:3 - library_private_types_in_public_api
  error - The named parameter 'categoryId' isn't defined - lib\screens\categories\category_detail_screen.dart:53:9 - undefined_named_parameter
  error - The named parameter 'startDate' isn't defined - lib\screens\categories\category_detail_screen.dart:54:9 - undefined_named_parameter
  error - The named parameter 'endDate' isn't defined - lib\screens\categories\category_detail_screen.dart:55:9 - undefined_named_parameter
   info - Don't use 'BuildContext's across async gaps - lib\screens\categories\category_detail_screen.dart:93:60 - use_build_context_synchronously
  error - The named parameter 'categoryId' isn't defined - lib\screens\categories\category_detail_screen.dart:96:9 - undefined_named_parameter
  error - The named parameter 'startDate' isn't defined - lib\screens\categories\category_detail_screen.dart:97:9 - undefined_named_parameter
  error - The named parameter 'endDate' isn't defined - lib\screens\categories\category_detail_screen.dart:98:9 - undefined_named_parameter
   info - 'withOpacity' is deprecated and shouldn't be used. Use .withValues() to avoid precision loss - lib\screens\categories\category_detail_screen.dart:515:57 - deprecated_member_use
   info - Invalid use of a private type in a public API - lib\screens\categories\category_form_screen.dart:17:3 - library_private_types_in_public_api
   info - 'withOpacity' is deprecated and shouldn't be used. Use .withValues() to avoid precision loss - lib\screens\categories\category_form_screen.dart:268:59 - deprecated_member_use
   info - Invalid use of a private type in a public API - lib\screens\categories\category_list_screen.dart:15:3 - library_private_types_in_public_api
   info - 'withOpacity' is deprecated and shouldn't be used. Use .withValues() to avoid precision loss - lib\screens\categories\category_list_screen.dart:334:47 - deprecated_member_use
   info - Don't use 'BuildContext's across async gaps - lib\screens\categories\category_list_screen.dart:399:42 - use_build_context_synchronously
   info - Don't use 'BuildContext's across async gaps - lib\screens\categories\category_list_screen.dart:403:42 - use_build_context_synchronously
   info - Don't use 'BuildContext's across async gaps - lib\screens\categories\category_list_screen.dart:406:57 - use_build_context_synchronously
   info - Invalid use of a private type in a public API - lib\screens\dashboard\dashboard_screen.dart:19:3 - library_private_types_in_public_api
   info - 'withOpacity' is deprecated and shouldn't be used. Use .withValues() to avoid precision loss - lib\screens\dashboard\dashboard_screen.dart:386:34 - deprecated_member_use
  error - Undefined name 'theme' - lib\screens\dashboard\dashboard_screen.dart:491:55 - undefined_identifier
   info - 'withOpacity' is deprecated and shouldn't be used. Use .withValues() to avoid precision loss - lib\screens\dashboard\dashboard_screen.dart:553:45 - deprecated_member_use
   info - 'withOpacity' is deprecated and shouldn't be used. Use .withValues() to avoid precision loss - lib\screens\dashboard\dashboard_screen.dart:566:43 - deprecated_member_use
warning - The value of the local variable 'name' isn't used - lib\screens\dashboard\dashboard_screen.dart:732:13 - unused_local_variable
   info - 'withOpacity' is deprecated and shouldn't be used. Use .withValues() to avoid precision loss - lib\screens\dashboard\dashboard_screen.dart:928:63 - deprecated_member_use
   info - 'withOpacity' is deprecated and shouldn't be used. Use .withValues() to avoid precision loss - lib\screens\dashboard\dashboard_screen.dart:928:95 - deprecated_member_use
   info - 'withOpacity' is deprecated and shouldn't be used. Use .withValues() to avoid precision loss - lib\screens\dashboard\dashboard_screen.dart:1045:41 - deprecated_member_use
   info - 'withOpacity' is deprecated and shouldn't be used. Use .withValues() to avoid precision loss - lib\screens\dashboard\dashboard_screen.dart:1058:32 - deprecated_member_use
   info - Invalid use of a private type in a public API - lib\screens\expenses\add_expense_screen.dart:14:3 - library_private_types_in_public_api
  error - The method '[]' can't be unconditionally invoked because the receiver can be 'null' - lib\screens\expenses\add_expense_screen.dart:78:17 - unchecked_use_of_nullable_value
  error - The method '[]' can't be unconditionally invoked because the receiver can be 'null' - lib\screens\expenses\add_expense_screen.dart:79:31 - unchecked_use_of_nullable_value
   info - Don't use 'BuildContext's across async gaps - lib\screens\expenses\add_expense_screen.dart:116:66 - use_build_context_synchronously
  error - The returned type 'Null' isn't returnable from a 'Category' function, as required by the closure's context - lib\screens\expenses\add_expense_screen.dart:120:29 - return_of_invalid_type_from_closure
   info - Don't use 'BuildContext's across async gaps - lib\screens\expenses\add_expense_screen.dart:127:28 - use_build_context_synchronously
   info - Invalid use of a private type in a public API - lib\screens\expenses\expense_detail_screen.dart:17:3 - library_private_types_in_public_api
  error - The method '[]' can't be unconditionally invoked because the receiver can be 'null' - lib\screens\expenses\expense_detail_screen.dart:44:17 - unchecked_use_of_nullable_value
  error - The method '[]' can't be unconditionally invoked because the receiver can be 'null' - lib\screens\expenses\expense_detail_screen.dart:45:31 - unchecked_use_of_nullable_value
  error - The returned type 'Null' isn't returnable from a 'Category' function, as required by the closure's context - lib\screens\expenses\expense_detail_screen.dart:54:29 - return_of_invalid_type_from_closure
   info - 'withOpacity' is deprecated and shouldn't be used. Use .withValues() to avoid precision loss - lib\screens\expenses\expense_detail_screen.dart:415:68 - deprecated_member_use
   info - Invalid use of a private type in a public API - lib\screens\expenses\expense_list_screen.dart:16:3 - library_private_types_in_public_api
  error - The returned type 'Null' isn't returnable from a 'Category' function, as required by the closure's context - lib\screens\expenses\expense_list_screen.dart:69:23 - return_of_invalid_type_from_closure
  error - The named parameter 'categoryId' isn't defined - lib\screens\expenses\expense_list_screen.dart:85:7 - undefined_named_parameter
  error - The named parameter 'startDate' isn't defined - lib\screens\expenses\expense_list_screen.dart:86:7 - undefined_named_parameter
  error - The named parameter 'endDate' isn't defined - lib\screens\expenses\expense_list_screen.dart:87:7 - undefined_named_parameter
  error - The named parameter 'search' isn't defined - lib\screens\expenses\expense_list_screen.dart:88:7 - undefined_named_parameter
   info - 'withOpacity' is deprecated and shouldn't be used. Use .withValues() to avoid precision loss - lib\screens\expenses\expense_list_screen.dart:476:68 - deprecated_member_use
   info - 'withOpacity' is deprecated and shouldn't be used. Use .withValues() to avoid precision loss - lib\screens\expenses\expense_list_screen.dart:551:54 - deprecated_member_use
   info - 'withOpacity' is deprecated and shouldn't be used. Use .withValues() to avoid precision loss - lib\screens\expenses\expense_list_screen.dart:651:75 - deprecated_member_use
   info - Invalid use of a private type in a public API - lib\screens\income\add_income_screen.dart:12:3 - library_private_types_in_public_api
   info - Invalid use of a private type in a public API - lib\screens\income\edit_income_screen.dart:17:3 - library_private_types_in_public_api
   info - Don't use 'BuildContext's across async gaps - lib\screens\income\edit_income_screen.dart:54:62 - use_build_context_synchronously
  error - The returned type 'Null' isn't returnable from a 'Category' function, as required by the closure's context - lib\screens\income\edit_income_screen.dart:64:27 - return_of_invalid_type_from_closure
   info - Invalid use of a private type in a public API - lib\screens\income\income_detail_screen.dart:18:3 - library_private_types_in_public_api
  error - The returned type 'Null' isn't returnable from a 'Category' function, as required by the closure's context - lib\screens\income\income_detail_screen.dart:57:29 - return_of_invalid_type_from_closure
   info - 'withOpacity' is deprecated and shouldn't be used. Use .withValues() to avoid precision loss - lib\screens\income\income_detail_screen.dart:396:68 - deprecated_member_use
   info - Invalid use of a private type in a public API - lib\screens\income\income_list_screen.dart:18:3 - library_private_types_in_public_api
  error - The returned type 'Null' isn't returnable from a 'Category' function, as required by the closure's context - lib\screens\income\income_list_screen.dart:71:23 - return_of_invalid_type_from_closure
   info - 'withOpacity' is deprecated and shouldn't be used. Use .withValues() to avoid precision loss - lib\screens\income\income_list_screen.dart:477:68 - deprecated_member_use
   info - 'withOpacity' is deprecated and shouldn't be used. Use .withValues() to avoid precision loss - lib\screens\income\income_list_screen.dart:552:54 - deprecated_member_use
   info - 'withOpacity' is deprecated and shouldn't be used. Use .withValues() to avoid precision loss - lib\screens\income\income_list_screen.dart:652:74 - deprecated_member_use
   info - Invalid use of a private type in a public API - lib\screens\profile_screen.dart:16:3 - library_private_types_in_public_api
   info - Don't use 'BuildContext's across async gaps, guarded by an unrelated 'mounted' check - lib\screens\profile_screen.dart:227:38 - use_build_context_synchronously
  error - Target of URI doesn't exist: '../services/report_service.dart' - lib\screens\reports\annual_report_screen.dart:4:8 - uri_does_not_exist
  error - Target of URI doesn't exist: '../widgets/common/loading_indicator.dart' - lib\screens\reports\annual_report_screen.dart:5:8 - uri_does_not_exist
  error - Target of URI doesn't exist: '../widgets/common/error_display.dart' - lib\screens\reports\annual_report_screen.dart:6:8 - uri_does_not_exist
  error - Target of URI doesn't exist: '../widgets/common/drawer.dart' - lib\screens\reports\annual_report_screen.dart:7:8 - uri_does_not_exist
  error - Target of URI doesn't exist: '../routes/route_names.dart' - lib\screens\reports\annual_report_screen.dart:8:8 - uri_does_not_exist
  error - Target of URI doesn't exist: '../utils/error_handler.dart' - lib\screens\reports\annual_report_screen.dart:9:8 - uri_does_not_exist
   info - Invalid use of a private type in a public API - lib\screens\reports\annual_report_screen.dart:15:3 - library_private_types_in_public_api
  error - Undefined class 'ReportService' - lib\screens\reports\annual_report_screen.dart:19:9 - undefined_class
  error - The method 'ReportService' isn't defined for the type '_AnnualReportScreenState' - lib\screens\reports\annual_report_screen.dart:19:40 - undefined_method
   info - 'withOpacity' is deprecated and shouldn't be used. Use .withValues() to avoid precision loss - lib\screens\reports\annual_report_screen.dart:112:72 - deprecated_member_use
  error - The method 'AppDrawer' isn't defined for the type '_AnnualReportScreenState' - lib\screens\reports\annual_report_screen.dart:154:15 - undefined_method
  error - Undefined name 'RouteNames' - lib\screens\reports\annual_report_screen.dart:154:39 - undefined_identifier
  error - The method 'LoadingIndicator' isn't defined for the type '_AnnualReportScreenState' - lib\screens\reports\annual_report_screen.dart:156:11 - undefined_method
  error - The method 'ErrorDisplay' isn't defined for the type '_AnnualReportScreenState' - lib\screens\reports\annual_report_screen.dart:158:13 - undefined_method
   info - 'withOpacity' is deprecated and shouldn't be used. Use .withValues() to avoid precision loss - lib\screens\reports\annual_report_screen.dart:304:50 - deprecated_member_use
   info - 'withOpacity' is deprecated and shouldn't be used. Use .withValues() to avoid precision loss - lib\screens\reports\annual_report_screen.dart:312:56 - deprecated_member_use
   info - 'withOpacity' is deprecated and shouldn't be used. Use .withValues() to avoid precision loss - lib\screens\reports\annual_report_screen.dart:362:26 - deprecated_member_use
   info - 'withOpacity' is deprecated and shouldn't be used. Use .withValues() to avoid precision loss - lib\screens\reports\annual_report_screen.dart:498:51 - deprecated_member_use
   info - 'withOpacity' is deprecated and shouldn't be used. Use .withValues() to avoid precision loss - lib\screens\reports\annual_report_screen.dart:715:53 - deprecated_member_use
warning - The value of the local variable 'name' isn't used - lib\screens\reports\annual_report_screen.dart:799:13 - unused_local_variable
   info - 'withOpacity' is deprecated and shouldn't be used. Use .withValues() to avoid precision loss - lib\screens\reports\annual_report_screen.dart:1020:53 - deprecated_member_use
  error - Expected to find '}' - lib\screens\reports\annual_report_screen.dart:1124:7 - expected_token
  error - Target of URI doesn't exist: '../services/report_service.dart' - lib\screens\reports\budget_report_screen.dart:4:8 - uri_does_not_exist
  error - Target of URI doesn't exist: '../widgets/common/loading_indicator.dart' - lib\screens\reports\budget_report_screen.dart:5:8 - uri_does_not_exist
  error - Target of URI doesn't exist: '../widgets/common/error_display.dart' - lib\screens\reports\budget_report_screen.dart:6:8 - uri_does_not_exist
  error - Target of URI doesn't exist: '../widgets/common/drawer.dart' - lib\screens\reports\budget_report_screen.dart:7:8 - uri_does_not_exist
  error - Target of URI doesn't exist: '../routes/route_names.dart' - lib\screens\reports\budget_report_screen.dart:8:8 - uri_does_not_exist
  error - Target of URI doesn't exist: '../utils/error_handler.dart' - lib\screens\reports\budget_report_screen.dart:9:8 - uri_does_not_exist
   info - Invalid use of a private type in a public API - lib\screens\reports\budget_report_screen.dart:15:3 - library_private_types_in_public_api
  error - Undefined class 'ReportService' - lib\screens\reports\budget_report_screen.dart:19:9 - undefined_class
  error - The method 'ReportService' isn't defined for the type '_BudgetReportScreenState' - lib\screens\reports\budget_report_screen.dart:19:40 - undefined_method
   info - 'withOpacity' is deprecated and shouldn't be used. Use .withValues() to avoid precision loss - lib\screens\reports\budget_report_screen.dart:163:64 - deprecated_member_use
   info - 'withOpacity' is deprecated and shouldn't be used. Use .withValues() to avoid precision loss - lib\screens\reports\budget_report_screen.dart:169:47 - deprecated_member_use
  error - The method 'AppDrawer' isn't defined for the type '_BudgetReportScreenState' - lib\screens\reports\budget_report_screen.dart:229:15 - undefined_method
  error - Undefined name 'RouteNames' - lib\screens\reports\budget_report_screen.dart:229:39 - undefined_identifier
  error - The method 'LoadingIndicator' isn't defined for the type '_BudgetReportScreenState' - lib\screens\reports\budget_report_screen.dart:231:11 - undefined_method
  error - The method 'ErrorDisplay' isn't defined for the type '_BudgetReportScreenState' - lib\screens\reports\budget_report_screen.dart:233:13 - undefined_method
   info - 'withOpacity' is deprecated and shouldn't be used. Use .withValues() to avoid precision loss - lib\screens\reports\budget_report_screen.dart:366:57 - deprecated_member_use
   info - 'withOpacity' is deprecated and shouldn't be used. Use .withValues() to avoid precision loss - lib\screens\reports\budget_report_screen.dart:426:26 - deprecated_member_use
   info - 'withOpacity' is deprecated and shouldn't be used. Use .withValues() to avoid precision loss - lib\screens\reports\budget_report_screen.dart:575:61 - deprecated_member_use
   info - Invalid use of a private type in a public API - lib\screens\reports\cashflow_report_screen.dart:15:3 - library_private_types_in_public_api
warning - The declaration '_selectDateRange' isn't referenced - lib\screens\reports\cashflow_report_screen.dart:80:16 - unused_element
warning - The declaration '_changePeriod' isn't referenced - lib\screens\reports\cashflow_report_screen.dart:101:8 - unused_element
warning - The declaration '_refreshData' isn't referenced - lib\screens\reports\cashflow_report_screen.dart:126:16 - unused_element
  error - The body might complete normally, causing 'null' to be returned, but the return type, 'Widget', is a potentially non-nullable type - lib\screens\reports\cashflow_report_screen.dart:131:10 - body_might_complete_normally
warning - The value of the local variable 'theme' isn't used - lib\screens\reports\cashflow_report_screen.dart:132:11 - unused_local_variable
warning - The value of the local variable 'currencyFormatter' isn't used - lib\screens\reports\cashflow_report_screen.dart:133:11 - unused_local_variable
  error - Expected to find ';' - lib\screens\reports\cashflow_report_screen.dart:133:61 - expected_token
  error - The string '\' can't stand alone - lib\screens\reports\cashflow_report_screen.dart:133:62 - invalid_unicode_escape_started
  error - Unterminated string literal - lib\screens\reports\cashflow_report_screen.dart:133:62 - unterminated_string_literal
  error - Expected to find ')' - lib\screens\reports\cashflow_report_screen.dart:134:7 - expected_token
  error - The await expression can only be used in an async function - lib\screens\reports\cashflow_report_screen.dart:136:22 - await_in_wrong_context
  error - The instance member '_reportService' can't be accessed in an initializer - lib\screens\reports\cashflow_report_screen.dart:136:28 - implicit_this_reference_in_initializer
  error - The instance member '_selectedPeriod' can't be accessed in an initializer - lib\screens\reports\cashflow_report_screen.dart:137:17 - implicit_this_reference_in_initializer
  error - Undefined name 'startDateStr' - lib\screens\reports\cashflow_report_screen.dart:138:20 - undefined_identifier
  error - Undefined name 'endDateStr' - lib\screens\reports\cashflow_report_screen.dart:139:18 - undefined_identifier
  error - Expected a class member - lib\screens\reports\cashflow_report_screen.dart:142:7 - expected_class_member
  error - Expected an identifier - lib\screens\reports\cashflow_report_screen.dart:142:10 - missing_identifier
  error - Expected to find ')' - lib\screens\reports\cashflow_report_screen.dart:142:17 - expected_token
  error - Expected a class member - lib\screens\reports\cashflow_report_screen.dart:147:9 - expected_class_member
  error - Expected an identifier - lib\screens\reports\cashflow_report_screen.dart:147:14 - missing_identifier
  error - Methods must have an explicit list of parameters - lib\screens\reports\cashflow_report_screen.dart:147:14 - missing_method_parameters
  error - 'catch' can't be used as an identifier because it's a keyword - lib\screens\reports\cashflow_report_screen.dart:153:7 - expected_identifier_but_got_keyword
  error - The function 'setState' isn't defined - lib\screens\reports\cashflow_report_screen.dart:154:7 - undefined_function
  error - Undefined name '_error' - lib\screens\reports\cashflow_report_screen.dart:155:9 - undefined_identifier
  error - Undefined name '_isLoading' - lib\screens\reports\cashflow_report_screen.dart:156:9 - undefined_identifier
  error - Expected a method, getter, setter or operator declaration - lib\screens\reports\cashflow_report_screen.dart:159:3 - expected_executable
  error - Undefined name '_startDate' - lib\screens\reports\cashflow_report_screen.dart:167:16 - undefined_identifier
  error - Undefined name '_endDate' - lib\screens\reports\cashflow_report_screen.dart:168:14 - undefined_identifier
  error - The function 'setState' isn't defined - lib\screens\reports\cashflow_report_screen.dart:173:7 - undefined_function
  error - Undefined name '_selectedPeriod' - lib\screens\reports\cashflow_report_screen.dart:174:9 - undefined_identifier
  error - Undefined name '_startDate' - lib\screens\reports\cashflow_report_screen.dart:175:9 - undefined_identifier
  error - Undefined name '_endDate' - lib\screens\reports\cashflow_report_screen.dart:176:9 - undefined_identifier
  error - The function '_fetchCashflowReport' isn't defined - lib\screens\reports\cashflow_report_screen.dart:178:7 - undefined_function
  error - Undefined name '_selectedPeriod' - lib\screens\reports\cashflow_report_screen.dart:183:19 - undefined_identifier
  error - The function 'setState' isn't defined - lib\screens\reports\cashflow_report_screen.dart:185:5 - undefined_function
  error - Undefined name '_selectedPeriod' - lib\screens\reports\cashflow_report_screen.dart:186:7 - undefined_identifier
  error - Undefined name '_startDate' - lib\screens\reports\cashflow_report_screen.dart:191:9 - undefined_identifier
  error - Undefined name '_endDate' - lib\screens\reports\cashflow_report_screen.dart:192:9 - undefined_identifier
  error - Undefined name '_startDate' - lib\screens\reports\cashflow_report_screen.dart:194:9 - undefined_identifier
  error - Undefined name '_endDate' - lib\screens\reports\cashflow_report_screen.dart:195:9 - undefined_identifier
  error - Undefined name '_startDate' - lib\screens\reports\cashflow_report_screen.dart:198:39 - undefined_identifier
  error - Undefined name '_endDate' - lib\screens\reports\cashflow_report_screen.dart:198:61 - undefined_identifier
  error - Undefined name '_startDate' - lib\screens\reports\cashflow_report_screen.dart:199:9 - undefined_identifier
  error - Undefined name '_endDate' - lib\screens\reports\cashflow_report_screen.dart:200:9 - undefined_identifier
  error - The function '_fetchCashflowReport' isn't defined - lib\screens\reports\cashflow_report_screen.dart:204:5 - undefined_function
  error - The function '_fetchCashflowReport' isn't defined - lib\screens\reports\cashflow_report_screen.dart:208:11 - undefined_function
  error - Expected to find ';' - lib\screens\reports\cashflow_report_screen.dart:214:61 - expected_token
  error - Unterminated string literal - lib\screens\reports\cashflow_report_screen.dart:214:63 - unterminated_string_literal
  error - Expected to find ')' - lib\screens\reports\cashflow_report_screen.dart:216:5 - expected_token
  error - Undefined name '_isLoading' - lib\screens\reports\cashflow_report_screen.dart:220:13 - undefined_identifier
  error - Undefined name '_error' - lib\screens\reports\cashflow_report_screen.dart:222:11 - undefined_identifier
  error - Undefined name '_error' - lib\screens\reports\cashflow_report_screen.dart:224:22 - undefined_identifier
  error - Undefined name '_fetchCashflowReport' - lib\screens\reports\cashflow_report_screen.dart:225:24 - undefined_identifier
  error - Undefined name '_reportData' - lib\screens\reports\cashflow_report_screen.dart:227:13 - undefined_identifier
  error - Undefined name '_selectedPeriod' - lib\screens\reports\cashflow_report_screen.dart:280:33 - undefined_identifier
  error - Undefined name '_selectedPeriod' - lib\screens\reports\cashflow_report_screen.dart:288:33 - undefined_identifier
  error - Undefined name '_selectedPeriod' - lib\screens\reports\cashflow_report_screen.dart:296:33 - undefined_identifier
  error - Undefined name 'context' - lib\screens\reports\cashflow_report_screen.dart:297:51 - undefined_identifier
  error - Undefined name '_selectedPeriod' - lib\screens\reports\cashflow_report_screen.dart:304:17 - undefined_identifier
  error - Undefined name '_startDate' - lib\screens\reports\cashflow_report_screen.dart:304:48 - undefined_identifier
  error - Undefined name '_endDate' - lib\screens\reports\cashflow_report_screen.dart:304:70 - undefined_identifier
  error - Undefined name '_startDate' - lib\screens\reports\cashflow_report_screen.dart:312:57 - undefined_identifier
  error - Undefined name '_endDate' - lib\screens\reports\cashflow_report_screen.dart:312:108 - undefined_identifier
  error - Undefined name 'context' - lib\screens\reports\cashflow_report_screen.dart:339:26 - undefined_identifier
   info - 'withOpacity' is deprecated and shouldn't be used. Use .withValues() to avoid precision loss - lib\screens\reports\cashflow_report_screen.dart:339:48 - deprecated_member_use
  error - Undefined name 'context' - lib\screens\reports\cashflow_report_screen.dart:344:28 - undefined_identifier
   info - 'withOpacity' is deprecated and shouldn't be used. Use .withValues() to avoid precision loss - lib\screens\reports\cashflow_report_screen.dart:345:31 - deprecated_member_use
  error - Undefined name 'context' - lib\screens\reports\cashflow_report_screen.dart:353:28 - undefined_identifier
  error - Undefined name '_reportData' - lib\screens\reports\cashflow_report_screen.dart:363:20 - undefined_identifier
   info - 'withOpacity' is deprecated and shouldn't be used. Use .withValues() to avoid precision loss - lib\screens\reports\cashflow_report_screen.dart:435:26 - deprecated_member_use
  error - Undefined name '_reportData' - lib\screens\reports\cashflow_report_screen.dart:466:27 - undefined_identifier
warning - The value of the local variable 'net' isn't used - lib\screens\reports\cashflow_report_screen.dart:485:13 - unused_local_variable
   info - 'withOpacity' is deprecated and shouldn't be used. Use .withValues() to avoid precision loss - lib\screens\reports\cashflow_report_screen.dart:549:51 - deprecated_member_use
  error - Undefined name '_reportData' - lib\screens\reports\cashflow_report_screen.dart:657:27 - undefined_identifier
  error - Undefined name '_reportData' - lib\screens\reports\cashflow_report_screen.dart:658:28 - undefined_identifier
  error - Expected a method, getter, setter or operator declaration - lib\screens\reports\cashflow_report_screen.dart:758:4 - expected_executable
  error - Unexpected text ';' - lib\screens\reports\cashflow_report_screen.dart:758:5 - unexpected_token
   info - An uninitialized variable should have an explicit type annotation - lib\screens\reports\cashflow_report_screen.dart:760:5 - prefer_typing_uninitialized_variables
  error - 'return' can't be used as an identifier because it's a keyword - lib\screens\reports\cashflow_report_screen.dart:760:5 - expected_identifier_but_got_keyword
  error - Expected to find ';' - lib\screens\reports\cashflow_report_screen.dart:760:5 - expected_token
  error - Variables must be declared using the keywords 'const', 'final', 'var' or a type name - lib\screens\reports\cashflow_report_screen.dart:760:5 - missing_const_final_var_or_type
   info - The variable name 'Scaffold' isn't a lowerCamelCase identifier - lib\screens\reports\cashflow_report_screen.dart:760:12 - non_constant_identifier_names
  error - Named parameters must be enclosed in curly braces ('{' and '}') - lib\screens\reports\cashflow_report_screen.dart:761:14 - named_parameter_outside_group
  error - The default value of an optional parameter must be constant - lib\screens\reports\cashflow_report_screen.dart:761:16 - non_constant_default_value
  error - Named parameters must be enclosed in curly braces ('{' and '}') - lib\screens\reports\cashflow_report_screen.dart:764:14 - named_parameter_outside_group
  error - Named parameters must be enclosed in curly braces ('{' and '}') - lib\screens\reports\cashflow_report_screen.dart:765:12 - named_parameter_outside_group
  error - The default value of an optional parameter must be constant - lib\screens\reports\cashflow_report_screen.dart:765:14 - non_constant_default_value
  error - Undefined name '_isLoading' - lib\screens\reports\cashflow_report_screen.dart:765:14 - undefined_identifier
  error - Undefined name '_error' - lib\screens\reports\cashflow_report_screen.dart:767:11 - undefined_identifier
  error - Undefined name '_error' - lib\screens\reports\cashflow_report_screen.dart:769:22 - undefined_identifier
  error - Undefined name '_fetchCashflowReport' - lib\screens\reports\cashflow_report_screen.dart:770:24 - undefined_identifier
  error - Undefined name '_reportData' - lib\screens\reports\cashflow_report_screen.dart:772:13 - undefined_identifier
  error - Undefined name 'theme' - lib\screens\reports\cashflow_report_screen.dart:782:44 - undefined_identifier
  error - Undefined name 'theme' - lib\screens\reports\cashflow_report_screen.dart:786:45 - undefined_identifier
  error - Undefined name 'currencyFormatter' - lib\screens\reports\cashflow_report_screen.dart:786:52 - undefined_identifier
  error - Undefined name 'theme' - lib\screens\reports\cashflow_report_screen.dart:790:48 - undefined_identifier
  error - Undefined name 'theme' - lib\screens\reports\cashflow_report_screen.dart:794:46 - undefined_identifier
  error - Undefined name 'currencyFormatter' - lib\screens\reports\cashflow_report_screen.dart:794:53 - undefined_identifier
  error - A function body must be provided - lib\screens\reports\cashflow_report_screen.dart:799:6 - missing_function_body
  error - Expected a method, getter, setter or operator declaration - lib\screens\reports\cashflow_report_screen.dart:800:3 - expected_executable
warning - The declaration '_buildPeriodSelector' isn't referenced - lib\screens\reports\cashflow_report_screen.dart:802:10 - unused_element
  error - The name '_buildPeriodSelector' is already defined - lib\screens\reports\cashflow_report_screen.dart:802:10 - duplicate_definition
  error - Undefined name '_selectedPeriod' - lib\screens\reports\cashflow_report_screen.dart:825:33 - undefined_identifier
  error - Undefined name '_selectedPeriod' - lib\screens\reports\cashflow_report_screen.dart:833:33 - undefined_identifier
  error - Undefined name '_selectedPeriod' - lib\screens\reports\cashflow_report_screen.dart:841:33 - undefined_identifier
  error - Undefined name 'context' - lib\screens\reports\cashflow_report_screen.dart:842:51 - undefined_identifier
  error - Undefined name '_selectedPeriod' - lib\screens\reports\cashflow_report_screen.dart:849:17 - undefined_identifier
  error - Undefined name '_startDate' - lib\screens\reports\cashflow_report_screen.dart:849:48 - undefined_identifier
  error - Undefined name '_endDate' - lib\screens\reports\cashflow_report_screen.dart:849:70 - undefined_identifier
  error - Undefined name '_startDate' - lib\screens\reports\cashflow_report_screen.dart:857:57 - undefined_identifier
  error - Undefined name '_endDate' - lib\screens\reports\cashflow_report_screen.dart:857:108 - undefined_identifier
warning - The declaration '_buildPeriodButton' isn't referenced - lib\screens\reports\cashflow_report_screen.dart:872:10 - unused_element
  error - The name '_buildPeriodButton' is already defined - lib\screens\reports\cashflow_report_screen.dart:872:10 - duplicate_definition
  error - Undefined name 'context' - lib\screens\reports\cashflow_report_screen.dart:884:26 - undefined_identifier
   info - 'withOpacity' is deprecated and shouldn't be used. Use .withValues() to avoid precision loss - lib\screens\reports\cashflow_report_screen.dart:884:48 - deprecated_member_use
  error - Undefined name 'context' - lib\screens\reports\cashflow_report_screen.dart:889:28 - undefined_identifier
   info - 'withOpacity' is deprecated and shouldn't be used. Use .withValues() to avoid precision loss - lib\screens\reports\cashflow_report_screen.dart:890:31 - deprecated_member_use
  error - Undefined name 'context' - lib\screens\reports\cashflow_report_screen.dart:898:28 - undefined_identifier
warning - The declaration '_buildCashflowSummary' isn't referenced - lib\screens\reports\cashflow_report_screen.dart:907:10 - unused_element
  error - The name '_buildCashflowSummary' is already defined - lib\screens\reports\cashflow_report_screen.dart:907:10 - duplicate_definition
  error - Undefined name '_reportData' - lib\screens\reports\cashflow_report_screen.dart:908:20 - undefined_identifier
warning - The declaration '_buildSummaryItem' isn't referenced - lib\screens\reports\cashflow_report_screen.dart:968:10 - unused_element
  error - The name '_buildSummaryItem' is already defined - lib\screens\reports\cashflow_report_screen.dart:968:10 - duplicate_definition
   info - 'withOpacity' is deprecated and shouldn't be used. Use .withValues() to avoid precision loss - lib\screens\reports\cashflow_report_screen.dart:980:26 - deprecated_member_use
warning - The declaration '_buildDailyCashflowChart' isn't referenced - lib\screens\reports\cashflow_report_screen.dart:1010:10 - unused_element
  error - The name '_buildDailyCashflowChart' is already defined - lib\screens\reports\cashflow_report_screen.dart:1010:10 - duplicate_definition
  error - Undefined name '_reportData' - lib\screens\reports\cashflow_report_screen.dart:1011:27 - undefined_identifier
warning - The value of the local variable 'net' isn't used - lib\screens\reports\cashflow_report_screen.dart:1030:13 - unused_local_variable
   info - 'withOpacity' is deprecated and shouldn't be used. Use .withValues() to avoid precision loss - lib\screens\reports\cashflow_report_screen.dart:1094:51 - deprecated_member_use
warning - The declaration '_buildLegendItem' isn't referenced - lib\screens\reports\cashflow_report_screen.dart:1178:10 - unused_element
  error - The name '_buildLegendItem' is already defined - lib\screens\reports\cashflow_report_screen.dart:1178:10 - duplicate_definition
warning - The declaration '_buildTransactionLists' isn't referenced - lib\screens\reports\cashflow_report_screen.dart:1201:10 - unused_element
  error - The name '_buildTransactionLists' is already defined - lib\screens\reports\cashflow_report_screen.dart:1201:10 - duplicate_definition
  error - Undefined name '_reportData' - lib\screens\reports\cashflow_report_screen.dart:1202:27 - undefined_identifier
  error - Undefined name '_reportData' - lib\screens\reports\cashflow_report_screen.dart:1203:28 - undefined_identifier
  error - Expected a method, getter, setter or operator declaration - lib\screens\reports\cashflow_report_screen.dart:1304:7 - expected_executable
  error - The await expression can only be used in an async function - lib\screens\reports\cashflow_report_screen.dart:1306:22 - await_in_wrong_context
  error - Undefined name '_reportService' - lib\screens\reports\cashflow_report_screen.dart:1306:28 - undefined_identifier
  error - Undefined name '_selectedPeriod' - lib\screens\reports\cashflow_report_screen.dart:1307:17 - undefined_identifier
  error - Undefined name 'startDateStr' - lib\screens\reports\cashflow_report_screen.dart:1308:20 - undefined_identifier
  error - Undefined name 'endDateStr' - lib\screens\reports\cashflow_report_screen.dart:1309:18 - undefined_identifier
  error - 'if' can't be used as an identifier because it's a keyword - lib\screens\reports\cashflow_report_screen.dart:1312:7 - expected_identifier_but_got_keyword
  error - Expected to find ')' - lib\screens\reports\cashflow_report_screen.dart:1312:17 - expected_token
  error - The function 'setState' isn't defined - lib\screens\reports\cashflow_report_screen.dart:1313:9 - undefined_function
  error - Undefined name '_reportData' - lib\screens\reports\cashflow_report_screen.dart:1314:11 - undefined_identifier
  error - Undefined name '_isLoading' - lib\screens\reports\cashflow_report_screen.dart:1315:11 - undefined_identifier
  error - 'else' can't be used as an identifier because it's a keyword - lib\screens\reports\cashflow_report_screen.dart:1317:9 - expected_identifier_but_got_keyword
  error - Functions must have an explicit list of parameters - lib\screens\reports\cashflow_report_screen.dart:1317:9 - missing_function_parameters
  error - The function 'setState' isn't defined - lib\screens\reports\cashflow_report_screen.dart:1318:9 - undefined_function
  error - Undefined name '_error' - lib\screens\reports\cashflow_report_screen.dart:1319:11 - undefined_identifier
  error - Undefined name '_isLoading' - lib\screens\reports\cashflow_report_screen.dart:1320:11 - undefined_identifier
  error - Expected a method, getter, setter or operator declaration - lib\screens\reports\cashflow_report_screen.dart:1323:5 - expected_executable
  error - 'catch' can't be used as an identifier because it's a keyword - lib\screens\reports\cashflow_report_screen.dart:1323:7 - expected_identifier_but_got_keyword
  error - The name 'catch' is already defined - lib\screens\reports\cashflow_report_screen.dart:1323:7 - duplicate_definition
  error - The function 'setState' isn't defined - lib\screens\reports\cashflow_report_screen.dart:1324:7 - undefined_function
  error - Undefined name '_error' - lib\screens\reports\cashflow_report_screen.dart:1325:9 - undefined_identifier
  error - Undefined name '_isLoading' - lib\screens\reports\cashflow_report_screen.dart:1326:9 - undefined_identifier
  error - Expected a method, getter, setter or operator declaration - lib\screens\reports\cashflow_report_screen.dart:1329:3 - expected_executable
warning - The declaration '_selectDateRange' isn't referenced - lib\screens\reports\cashflow_report_screen.dart:1331:16 - unused_element
  error - The name '_selectDateRange' is already defined - lib\screens\reports\cashflow_report_screen.dart:1331:16 - duplicate_definition
  error - Undefined name '_startDate' - lib\screens\reports\cashflow_report_screen.dart:1337:16 - undefined_identifier
  error - Undefined name '_endDate' - lib\screens\reports\cashflow_report_screen.dart:1338:14 - undefined_identifier
  error - The function 'setState' isn't defined - lib\screens\reports\cashflow_report_screen.dart:1343:7 - undefined_function
  error - Undefined name '_selectedPeriod' - lib\screens\reports\cashflow_report_screen.dart:1344:9 - undefined_identifier
  error - Undefined name '_startDate' - lib\screens\reports\cashflow_report_screen.dart:1345:9 - undefined_identifier
  error - Undefined name '_endDate' - lib\screens\reports\cashflow_report_screen.dart:1346:9 - undefined_identifier
  error - The function '_fetchCashflowReport' isn't defined - lib\screens\reports\cashflow_report_screen.dart:1348:7 - undefined_function
warning - The declaration '_changePeriod' isn't referenced - lib\screens\reports\cashflow_report_screen.dart:1352:8 - unused_element
  error - The name '_changePeriod' is already defined - lib\screens\reports\cashflow_report_screen.dart:1352:8 - duplicate_definition
  error - Undefined name '_selectedPeriod' - lib\screens\reports\cashflow_report_screen.dart:1353:19 - undefined_identifier
  error - The function 'setState' isn't defined - lib\screens\reports\cashflow_report_screen.dart:1355:5 - undefined_function
  error - Undefined name '_selectedPeriod' - lib\screens\reports\cashflow_report_screen.dart:1356:7 - undefined_identifier
  error - Undefined name '_startDate' - lib\screens\reports\cashflow_report_screen.dart:1361:9 - undefined_identifier
  error - Undefined name '_endDate' - lib\screens\reports\cashflow_report_screen.dart:1362:9 - undefined_identifier
  error - Undefined name '_startDate' - lib\screens\reports\cashflow_report_screen.dart:1364:9 - undefined_identifier
  error - Undefined name '_endDate' - lib\screens\reports\cashflow_report_screen.dart:1365:9 - undefined_identifier
  error - Undefined name '_startDate' - lib\screens\reports\cashflow_report_screen.dart:1368:39 - undefined_identifier
  error - Undefined name '_endDate' - lib\screens\reports\cashflow_report_screen.dart:1368:61 - undefined_identifier
  error - Undefined name '_startDate' - lib\screens\reports\cashflow_report_screen.dart:1369:9 - undefined_identifier
  error - Undefined name '_endDate' - lib\screens\reports\cashflow_report_screen.dart:1370:9 - undefined_identifier
  error - The function '_fetchCashflowReport' isn't defined - lib\screens\reports\cashflow_report_screen.dart:1374:5 - undefined_function
warning - The declaration '_refreshData' isn't referenced - lib\screens\reports\cashflow_report_screen.dart:1377:16 - unused_element
  error - The name '_refreshData' is already defined - lib\screens\reports\cashflow_report_screen.dart:1377:16 - duplicate_definition
  error - The function '_fetchCashflowReport' isn't defined - lib\screens\reports\cashflow_report_screen.dart:1378:11 - undefined_function
  error - The name 'build' is already defined - lib\screens\reports\cashflow_report_screen.dart:1382:10 - duplicate_definition
  error - Expected to find ';' - lib\screens\reports\cashflow_report_screen.dart:1384:61 - expected_token
  error - Unterminated string literal - lib\screens\reports\cashflow_report_screen.dart:1384:63 - unterminated_string_literal
  error - Expected to find ')' - lib\screens\reports\cashflow_report_screen.dart:1386:5 - expected_token
  error - Undefined name '_isLoading' - lib\screens\reports\cashflow_report_screen.dart:1390:13 - undefined_identifier
  error - Undefined name '_error' - lib\screens\reports\cashflow_report_screen.dart:1392:11 - undefined_identifier
  error - Undefined name '_error' - lib\screens\reports\cashflow_report_screen.dart:1394:22 - undefined_identifier
  error - Undefined name '_fetchCashflowReport' - lib\screens\reports\cashflow_report_screen.dart:1395:24 - undefined_identifier
  error - Undefined name '_reportData' - lib\screens\reports\cashflow_report_screen.dart:1397:13 - undefined_identifier
warning - The declaration '_buildPeriodSelector' isn't referenced - lib\screens\reports\cashflow_report_screen.dart:1427:10 - unused_element
  error - The name '_buildPeriodSelector' is already defined - lib\screens\reports\cashflow_report_screen.dart:1427:10 - duplicate_definition
  error - Undefined name '_selectedPeriod' - lib\screens\reports\cashflow_report_screen.dart:1450:33 - undefined_identifier
  error - Undefined name '_selectedPeriod' - lib\screens\reports\cashflow_report_screen.dart:1458:33 - undefined_identifier
  error - Undefined name '_selectedPeriod' - lib\screens\reports\cashflow_report_screen.dart:1466:33 - undefined_identifier
  error - Undefined name 'context' - lib\screens\reports\cashflow_report_screen.dart:1467:51 - undefined_identifier
  error - Undefined name '_selectedPeriod' - lib\screens\reports\cashflow_report_screen.dart:1474:17 - undefined_identifier
  error - Undefined name '_startDate' - lib\screens\reports\cashflow_report_screen.dart:1474:48 - undefined_identifier
  error - Undefined name '_endDate' - lib\screens\reports\cashflow_report_screen.dart:1474:70 - undefined_identifier
  error - Undefined name '_startDate' - lib\screens\reports\cashflow_report_screen.dart:1482:57 - undefined_identifier
  error - Undefined name '_endDate' - lib\screens\reports\cashflow_report_screen.dart:1482:108 - undefined_identifier
warning - The declaration '_buildPeriodButton' isn't referenced - lib\screens\reports\cashflow_report_screen.dart:1497:10 - unused_element
  error - The name '_buildPeriodButton' is already defined - lib\screens\reports\cashflow_report_screen.dart:1497:10 - duplicate_definition
  error - Undefined name 'context' - lib\screens\reports\cashflow_report_screen.dart:1509:26 - undefined_identifier
   info - 'withOpacity' is deprecated and shouldn't be used. Use .withValues() to avoid precision loss - lib\screens\reports\cashflow_report_screen.dart:1509:48 - deprecated_member_use
  error - Undefined name 'context' - lib\screens\reports\cashflow_report_screen.dart:1514:28 - undefined_identifier
   info - 'withOpacity' is deprecated and shouldn't be used. Use .withValues() to avoid precision loss - lib\screens\reports\cashflow_report_screen.dart:1515:31 - deprecated_member_use
  error - Undefined name 'context' - lib\screens\reports\cashflow_report_screen.dart:1523:28 - undefined_identifier
warning - The declaration '_buildCashflowSummary' isn't referenced - lib\screens\reports\cashflow_report_screen.dart:1532:10 - unused_element
  error - The name '_buildCashflowSummary' is already defined - lib\screens\reports\cashflow_report_screen.dart:1532:10 - duplicate_definition
  error - Undefined name '_reportData' - lib\screens\reports\cashflow_report_screen.dart:1533:20 - undefined_identifier
warning - The declaration '_buildSummaryItem' isn't referenced - lib\screens\reports\cashflow_report_screen.dart:1593:10 - unused_element
  error - The name '_buildSummaryItem' is already defined - lib\screens\reports\cashflow_report_screen.dart:1593:10 - duplicate_definition
   info - 'withOpacity' is deprecated and shouldn't be used. Use .withValues() to avoid precision loss - lib\screens\reports\cashflow_report_screen.dart:1605:26 - deprecated_member_use
warning - The declaration '_buildDailyCashflowChart' isn't referenced - lib\screens\reports\cashflow_report_screen.dart:1635:10 - unused_element
  error - The name '_buildDailyCashflowChart' is already defined - lib\screens\reports\cashflow_report_screen.dart:1635:10 - duplicate_definition
  error - Undefined name '_reportData' - lib\screens\reports\cashflow_report_screen.dart:1636:27 - undefined_identifier
warning - The value of the local variable 'net' isn't used - lib\screens\reports\cashflow_report_screen.dart:1655:13 - unused_local_variable
   info - 'withOpacity' is deprecated and shouldn't be used. Use .withValues() to avoid precision loss - lib\screens\reports\cashflow_report_screen.dart:1719:51 - deprecated_member_use
warning - The declaration '_buildLegendItem' isn't referenced - lib\screens\reports\cashflow_report_screen.dart:1803:10 - unused_element
  error - The name '_buildLegendItem' is already defined - lib\screens\reports\cashflow_report_screen.dart:1803:10 - duplicate_definition
warning - The declaration '_buildTransactionLists' isn't referenced - lib\screens\reports\cashflow_report_screen.dart:1826:10 - unused_element
  error - The name '_buildTransactionLists' is already defined - lib\screens\reports\cashflow_report_screen.dart:1826:10 - duplicate_definition
  error - Undefined name '_reportData' - lib\screens\reports\cashflow_report_screen.dart:1827:27 - undefined_identifier
  error - Undefined name '_reportData' - lib\screens\reports\cashflow_report_screen.dart:1828:28 - undefined_identifier
   info - Invalid use of a private type in a public API - lib\screens\reports\monthly_report_screen.dart:15:3 - library_private_types_in_public_api
  error - 2 positional arguments expected by 'getMonthlyReport', but 0 found - lib\screens\reports\monthly_report_screen.dart:45:9 - not_enough_positional_arguments
  error - The named parameter 'month' isn't defined - lib\screens\reports\monthly_report_screen.dart:45:9 - undefined_named_parameter
  error - The named parameter 'year' isn't defined - lib\screens\reports\monthly_report_screen.dart:46:9 - undefined_named_parameter
  error - The string '\' can't stand alone - lib\screens\reports\monthly_report_screen.dart:97:62 - invalid_unicode_escape_started
  error - Unterminated string literal - lib\screens\reports\monthly_report_screen.dart:97:62 - unterminated_string_literal
   info - 'withOpacity' is deprecated and shouldn't be used. Use .withValues() to avoid precision loss - lib\screens\reports\monthly_report_screen.dart:225:64 - deprecated_member_use
   info - 'withOpacity' is deprecated and shouldn't be used. Use .withValues() to avoid precision loss - lib\screens\reports\monthly_report_screen.dart:231:47 - deprecated_member_use
   info - 'withOpacity' is deprecated and shouldn't be used. Use .withValues() to avoid precision loss - lib\screens\reports\monthly_report_screen.dart:389:26 - deprecated_member_use
   info - 'withOpacity' is deprecated and shouldn't be used. Use .withValues() to avoid precision loss - lib\screens\reports\monthly_report_screen.dart:507:51 - deprecated_member_use
   info - 'withOpacity' is deprecated and shouldn't be used. Use .withValues() to avoid precision loss - lib\screens\reports\monthly_report_screen.dart:569:45 - deprecated_member_use
   info - 'withOpacity' is deprecated and shouldn't be used. Use .withValues() to avoid precision loss - lib\screens\reports\monthly_report_screen.dart:582:43 - deprecated_member_use
   info - 'withOpacity' is deprecated and shouldn't be used. Use .withValues() to avoid precision loss - lib\screens\reports\monthly_report_screen.dart:595:44 - deprecated_member_use
warning - The value of the local variable 'name' isn't used - lib\screens\reports\monthly_report_screen.dart:689:13 - unused_local_variable
   info - 'withOpacity' is deprecated and shouldn't be used. Use .withValues() to avoid precision loss - lib\screens\reports\monthly_report_screen.dart:910:53 - deprecated_member_use
   info - Invalid use of a private type in a public API - lib\screens\reports\reports_screen.dart:15:3 - library_private_types_in_public_api
   info - 'withOpacity' is deprecated and shouldn't be used. Use .withValues() to avoid precision loss - lib\screens\reports\reports_screen.dart:209:32 - deprecated_member_use
   info - 'withOpacity' is deprecated and shouldn't be used. Use .withValues() to avoid precision loss - lib\screens\reports\reports_screen.dart:306:51 - deprecated_member_use
   info - 'withOpacity' is deprecated and shouldn't be used. Use .withValues() to avoid precision loss - lib\screens\reports\reports_screen.dart:368:45 - deprecated_member_use
   info - 'withOpacity' is deprecated and shouldn't be used. Use .withValues() to avoid precision loss - lib\screens\reports\reports_screen.dart:381:43 - deprecated_member_use
   info - 'withOpacity' is deprecated and shouldn't be used. Use .withValues() to avoid precision loss - lib\screens\reports\reports_screen.dart:394:44 - deprecated_member_use
   info - 'withOpacity' is deprecated and shouldn't be used. Use .withValues() to avoid precision loss - lib\screens\reports\reports_screen.dart:542:38 - deprecated_member_use
   info - Don't use 'BuildContext's across async gaps - lib\screens\reports\reports_screen.dart:719:28 - use_build_context_synchronously
   info - Don't use 'BuildContext's across async gaps - lib\screens\reports\reports_screen.dart:750:32 - use_build_context_synchronously
   info - Don't use 'BuildContext's across async gaps - lib\screens\reports\reports_screen.dart:757:32 - use_build_context_synchronously
   info - Don't use 'BuildContext's across async gaps - lib\screens\reports\reports_screen.dart:765:30 - use_build_context_synchronously
  error - Target of URI doesn't exist: '../providers/theme_provider.dart' - lib\screens\settings\settings_screen.dart:3:8 - uri_does_not_exist
  error - Target of URI doesn't exist: '../widgets/common/drawer.dart' - lib\screens\settings\settings_screen.dart:4:8 - uri_does_not_exist
  error - Target of URI doesn't exist: '../routes/route_names.dart' - lib\screens\settings\settings_screen.dart:5:8 - uri_does_not_exist
   info - Invalid use of a private type in a public API - lib\screens\settings\settings_screen.dart:11:3 - library_private_types_in_public_api
  error - The name 'ThemeProvider' isn't a type, so it can't be used as a type argument - lib\screens\settings\settings_screen.dart:27:39 - non_type_as_type_argument
  error - The method 'AppDrawer' isn't defined for the type '_SettingsScreenState' - lib\screens\settings\settings_screen.dart:34:15 - undefined_method
  error - Undefined name 'RouteNames' - lib\screens\settings\settings_screen.dart:34:39 - undefined_identifier
   info - 'withOpacity' is deprecated and shouldn't be used. Use .withValues() to avoid precision loss - lib\screens\splash_screen.dart:36:37 - deprecated_member_use
   info - Don't invoke 'print' in production code - lib\services\auth_service.dart:76:7 - avoid_print
   info - Don't invoke 'print' in production code - lib\services\auth_service.dart:92:9 - avoid_print
   info - Don't invoke 'print' in production code - lib\services\auth_service.dart:123:7 - avoid_print
   info - Don't invoke 'print' in production code - lib\services\auth_service.dart:138:7 - avoid_print
   info - 'red' is deprecated and shouldn't be used. Use .r - lib\utils\color_utils.dart:17:13 - deprecated_member_use
   info - 'green' is deprecated and shouldn't be used. Use .g - lib\utils\color_utils.dart:18:13 - deprecated_member_use
   info - 'blue' is deprecated and shouldn't be used. Use .b - lib\utils\color_utils.dart:19:13 - deprecated_member_use
   info - 'alpha' is deprecated and shouldn't be used. Use .a - lib\utils\color_utils.dart:34:13 - deprecated_member_use
   info - 'red' is deprecated and shouldn't be used. Use .r - lib\utils\color_utils.dart:35:13 - deprecated_member_use
   info - 'red' is deprecated and shouldn't be used. Use .r - lib\utils\color_utils.dart:35:33 - deprecated_member_use
   info - 'green' is deprecated and shouldn't be used. Use .g - lib\utils\color_utils.dart:36:13 - deprecated_member_use
   info - 'green' is deprecated and shouldn't be used. Use .g - lib\utils\color_utils.dart:36:35 - deprecated_member_use
   info - 'blue' is deprecated and shouldn't be used. Use .b - lib\utils\color_utils.dart:37:13 - deprecated_member_use
   info - 'blue' is deprecated and shouldn't be used. Use .b - lib\utils\color_utils.dart:37:34 - deprecated_member_use
   info - 'alpha' is deprecated and shouldn't be used. Use .a - lib\utils\color_utils.dart:51:13 - deprecated_member_use
   info - 'red' is deprecated and shouldn't be used. Use .r - lib\utils\color_utils.dart:52:14 - deprecated_member_use
   info - 'green' is deprecated and shouldn't be used. Use .g - lib\utils\color_utils.dart:53:14 - deprecated_member_use
   info - 'blue' is deprecated and shouldn't be used. Use .b - lib\utils\color_utils.dart:54:14 - deprecated_member_use
   info - 'value' is deprecated and shouldn't be used. Use component accessors like .r or .g, or toARGB32 for an explicit conversion - lib\utils\color_utils.dart:77:23 - deprecated_member_use
   info - 'withOpacity' is deprecated and shouldn't be used. Use .withValues() to avoid precision loss - lib\widgets\charts\fin_arc_charts.dart:72:51 - deprecated_member_use
   info - 'withOpacity' is deprecated and shouldn't be used. Use .withValues() to avoid precision loss - lib\widgets\charts\fin_arc_charts.dart:134:45 - deprecated_member_use
   info - 'withOpacity' is deprecated and shouldn't be used. Use .withValues() to avoid precision loss - lib\widgets\charts\fin_arc_charts.dart:147:43 - deprecated_member_use
   info - 'withOpacity' is deprecated and shouldn't be used. Use .withValues() to avoid precision loss - lib\widgets\charts\fin_arc_charts.dart:411:51 - deprecated_member_use
   info - 'withOpacity' is deprecated and shouldn't be used. Use .withValues() to avoid precision loss - lib\widgets\charts\fin_arc_charts.dart:602:61 - deprecated_member_use
  error - The constructor being called isn't a const constructor - test\widget_test.dart:16:29 - const_with_non_const

flutter : 393 issues found. (ran in 1.6s)
строка:1 знак:1
+ flutter analyze > errors.txt 2>&1
+ ~~~~~~~~~~~~~~~~~~~~~~~~~~~~~~~~~
    + CategoryInfo          : NotSpecified: (393 issues found. (ran in 1.6s):String) [], RemoteException
    + FullyQualifiedErrorId : NativeCommandError
 
